from\=00001,Peers=peers,AuPolls=0,AuLastPoll=-1,DiskUsage=20382.7578125,AuSize=21307724420,AuLastCrawlAttempt=1289233733563,AuLastCrawlResultMsg=Successful,AuLastCrawl=1289250334194,Damaged=Waiting	for			AuName=Folger
DiskUsage=22078.46484375	AuSize=23084218389	AuLastCrawlResultMsg=Successful		AuName=Folger Images 2nd Batch: from\=01001
DiskUsage=0.0234375	AuSize=0	AuLastCrawl=-1		AuName=Folger Images 2nd Batch: from\=07001
DiskUsage=17529.1640625	AuSize=18346874733	AuLastCrawlResultMsg=Successful		AuName=Folger Images 2nd Batch: from\=07322
DiskUsage=40466.5234375	AuSize=42374756940	AuLastCrawlResultMsg=Successful		AuName=Folger Images 2nd Batch: from\=07667
DiskUsage=24671.9296875	AuSize=25835990866	AuLastCrawlResultMsg=Successful		AuName=Folger Images 2nd Batch: from\=08001
DiskUsage=25083.265625	AuSize=26267024650	AuLastCrawlResultMsg=Successful		AuName=Folger Images 2nd Batch: from\=08192
DiskUsage=23639.9375	AuSize=24754939309	AuLastCrawlResultMsg=Successful		AuName=Folger Images 2nd Batch: from\=08392
DiskUsage=23510.296875	AuSize=24618973280	AuLastCrawlResultMsg=Successful		AuName=Folger Images 2nd Batch: from\=08599
DiskUsage=7488.31640625	AuSize=7780547197	AuLastCrawl=-1		AuName=Folger Images 2nd Batch: from\=08800
DiskUsage=1918.6640625	AuSize=1914464780	AuLastCrawl=-1		AuName=Folger Images 2nd Batch: from\=09001
DiskUsage=25312.796875	AuSize=26504869624	AuLastCrawlResultMsg=Successful		AuName=Folger Images 2nd Batch: from\=09247
DiskUsage=22949.02734375	AuSize=24028653434	AuLastCrawlResultMsg=Successful		AuName=Folger Images 2nd Batch: from\=09485
DiskUsage=0.0234375	AuSize=0	AuLastCrawl=-1		AuName=Folger Images 2nd Batch: from\=09745
DiskUsage=0.0234375	AuSize=0	AuLastCrawl=-1		AuName=Folger Images 2nd Batch: from\=10001
DiskUsage=25668.7578125	AuSize=26877779245	AuLastCrawlResultMsg=Successful		AuName=Folger Images 2nd Batch: from\=10253
DiskUsage=22709.77734375	AuSize=23778263770	AuLastCrawlResultMsg=Successful		AuName=Folger Images 2nd Batch: from\=10504
DiskUsage=25258.84375	AuSize=26448527469	AuLastCrawlResultMsg=Successful		AuName=Folger Images 2nd Batch: from\=10757
DiskUsage=22130.5625	AuSize=23172809816	AuLastCrawlResultMsg=Successful		AuName=Folger Images 2nd Batch: from\=11001
DiskUsage=22009.8828125	AuSize=23046309763	AuLastCrawlResultMsg=Successful		AuName=Folger Images 2nd Batch: from\=11222
DiskUsage=0.0234375	AuSize=0	AuLastCrawl=-1		AuName=Folger Images 2nd Batch: from\=11447
DiskUsage=21850.36328125	AuSize=22879560259	AuLastCrawlResultMsg=Successful		AuName=Folger Images 2nd Batch: from\=11736
DiskUsage=0.0234375	AuSize=0	AuLastCrawl=-1		AuName=Folger Images 2nd Batch: from\=12001
DiskUsage=0.0234375	AuSize=0	AuLastCrawl=-1		AuName=Folger Images 2nd Batch: from\=12177
DiskUsage=20250.16015625	AuSize=21205027535	AuLastCrawlResultMsg=Successful		AuName=Folger Images 2nd Batch: from\=12366
AuLastCrawlAttempt=-1	AuLastCrawl=-1			AuName=Folger Images 2nd Batch: from\=12539
DiskUsage=19067.77734375	AuSize=19966552936	AuLastCrawlResultMsg=Successful		AuName=Folger Images 2nd Batch: from\=12715
AuLastCrawlAttempt=-1	AuLastCrawl=-1			AuName=Folger Images 2nd Batch: from\=13031
DiskUsage=26383.2890625	AuSize=27627854106	AuLastCrawlResultMsg=Successful		AuName=Folger Images 2nd Batch: from\=13314
DiskUsage=26904.328125	AuSize=28173726761	AuLastCrawlResultMsg=Successful		AuName=Folger Images 2nd Batch: from\=13533
DiskUsage=22406.4296875	AuSize=23461962680	AuLastCrawlResultMsg=Successful		AuName=Folger Images 2nd Batch: from\=13752
DiskUsage=22745.81640625	AuSize=23818338389	AuLastCrawlResultMsg=Successful		AuName=Folger Images 2nd Batch: from\=14001
DiskUsage=24223.4140625	AuSize=25366089125	AuLastCrawlResultMsg=Successful		AuName=Folger Images 2nd Batch: from\=14204
DiskUsage=0.0234375	AuSize=0	AuLastCrawl=-1		AuName=Folger Images 2nd Batch: from\=14404
DiskUsage=22882.53515625	AuSize=23961477773	AuLastCrawlResultMsg=Successful		AuName=Folger Images 2nd Batch: from\=14604
DiskUsage=23408.2109375	AuSize=24512378465	AuLastCrawlResultMsg=Successful		AuName=Folger Images 2nd Batch: from\=14804
DiskUsage=24852.05078125	AuSize=26024422876	AuLastCrawlResultMsg=Successful		AuName=Folger Images 2nd Batch: from\=15001
DiskUsage=20260.9296875	AuSize=21214892192	AuLastCrawlResultMsg=Successful		AuName=Folger Images 2nd Batch: from\=15207
DiskUsage=24459.55859375	AuSize=25613089881	AuLastCrawlResultMsg=Successful		AuName=Folger Images 2nd Batch: from\=15494
DiskUsage=23263.109375	AuSize=24360205455	AuLastCrawlResultMsg=Successful		AuName=Folger Images 2nd Batch: from\=28001
DiskUsage=0.0234375	AuSize=0	AuLastCrawl=-1		AuName=Folger Images 2nd Batch: from\=28201
DiskUsage=0.0234375	AuSize=0	AuLastCrawl=-1		AuName=Folger Images 2nd Batch: from\=28401
DiskUsage=21368.01171875	AuSize=22374925479	AuLastCrawlResultMsg=Successful		AuName=Folger Images 2nd Batch: from\=28601
DiskUsage=21497.203125	AuSize=22510314826	AuLastCrawlResultMsg=Successful		AuName=Folger Images 2nd Batch: from\=28801
DiskUsage=0.0234375	AuSize=0	AuLastCrawl=-1		AuName=Folger Images 2nd Batch: from\=29001
DiskUsage=0.0234375	AuSize=0	AuLastCrawl=-1		AuName=Folger Images 2nd Batch: from\=29250
DiskUsage=25891.8203125	AuSize=27111704282	AuLastCrawlResultMsg=Successful		AuName=Folger Images 2nd Batch: from\=29499
DiskUsage=17037.671875	AuSize=17836523907	AuLastCrawlResultMsg=Successful		AuName=Folger Images 2nd Batch: from\=29751
DiskUsage=0.0234375	AuSize=0	AuLastCrawl=-1		AuName=Folger Images 2nd Batch: from\=30001
DiskUsage=23238.13671875	AuSize=24334056683	AuLastCrawlResultMsg=Successful		AuName=Folger Images 2nd Batch: from\=30202
DiskUsage=22498.90234375	AuSize=23559628145	AuLastCrawlResultMsg=Successful		AuName=Folger Images 2nd Batch: from\=30402
DiskUsage=22504.734375	AuSize=23565712539	AuLastCrawlResultMsg=Successful		AuName=Folger Images 2nd Batch: from\=30602
DiskUsage=22725.54296875	AuSize=23797032327	AuLastCrawlResultMsg=Successful		AuName=Folger Images 2nd Batch: from\=30802
DiskUsage=18296.12109375	AuSize=19154706376	AuLastCrawlResultMsg=Successful		AuName=Folger Images 2nd Batch: from\=31001
DiskUsage=19135.75	AuSize=20034079155	AuLastCrawlResultMsg=Successful		AuName=Folger Images 2nd Batch: from\=31253
AuLastCrawlAttempt=-1	AuLastCrawl=-1			AuName=Folger Images 2nd Batch: from\=31497
DiskUsage=27947.87109375	AuSize=29265035316	AuLastCrawlResultMsg=Successful		AuName=Folger Images 2nd Batch: from\=31747
DiskUsage=20483.40234375	AuSize=21449665682	AuLastCrawlResultMsg=Successful		AuName=Folger Images 2nd Batch: from\=32001
DiskUsage=21677.73828125	AuSize=22700854920	AuLastCrawlResultMsg=Successful		AuName=Folger Images 2nd Batch: from\=32160
DiskUsage=22137.44140625	AuSize=23182539852	AuLastCrawlResultMsg=Successful		AuName=Folger Images 2nd Batch: from\=32329
DiskUsage=21841.60546875	AuSize=22872347696	AuLastCrawlResultMsg=Successful		AuName=Folger Images 2nd Batch: from\=32498
DiskUsage=21810.8046875	AuSize=22840135188	AuLastCrawlResultMsg=Successful		AuName=Folger Images 2nd Batch: from\=32667
DiskUsage=18787.09375	AuSize=19672866445	AuLastCrawlResultMsg=Successful		AuName=Folger Images 2nd Batch: from\=32836
DiskUsage=26894.93359375	AuSize=28162050621	AuLastCrawlResultMsg=Successful		AuName=Folger Images 2nd Batch: from\=33001
DiskUsage=0.0234375	AuSize=0	AuLastCrawl=-1		AuName=Folger Images 2nd Batch: from\=33253
DiskUsage=21819.3046875	AuSize=22845359313	AuLastCrawlResultMsg=Successful		AuName=Folger Images 2nd Batch: from\=33501
DiskUsage=20508.453125	AuSize=21472291654	AuLastCrawlResultMsg=Successful		AuName=Folger Images 2nd Batch: from\=33752
DiskUsage=9479.71875	AuSize=9853896257	AuLastCrawl=-1		AuName=Folger Images 2nd Batch: from\=34001
AuLastCrawlAttempt=-1	AuLastCrawl=-1			AuName=Folger Images 2nd Batch: from\=34201
DiskUsage=0.0234375	AuSize=0	AuLastCrawl=-1		AuName=Folger Images 2nd Batch: from\=34401
DiskUsage=21232.68359375	AuSize=22233235615	AuLastCrawlResultMsg=Successful		AuName=Folger Images 2nd Batch: from\=34602
DiskUsage=0.0234375	AuSize=0	AuLastCrawl=-1		AuName=Folger Images 2nd Batch: from\=34803
DiskUsage=6701.0390625	AuSize=6947842816	AuLastCrawl=-1		AuName=Folger Images 2nd Batch: from\=35001
DiskUsage=21381.578125	AuSize=22389190228	AuLastCrawlResultMsg=Successful		AuName=Folger Images 2nd Batch: from\=35200
DiskUsage=20947.08203125	AuSize=21934064454	AuLastCrawlResultMsg=Successful		AuName=Folger Images 2nd Batch: from\=35403
DiskUsage=0.0234375	AuSize=0	AuLastCrawl=-1		AuName=Folger Images 2nd Batch: from\=35602
AuLastCrawlAttempt=-1	AuLastCrawl=-1			AuName=Folger Images 2nd Batch: from\=35801
DiskUsage=0.0234375	AuSize=0	AuLastCrawl=-1		AuName=Folger Images 2nd Batch: from\=36001
DiskUsage=17577.5546875	AuSize=18404542296	AuLastCrawlResultMsg=Successful		AuName=Folger Images 2nd Batch: from\=36196
DiskUsage=0.0234375	AuSize=0	AuLastCrawl=-1		AuName=Folger Images 2nd Batch: from\=36391
AuLastCrawlAttempt=-1	AuLastCrawl=-1			AuName=Folger Images 2nd Batch: from\=36584
DiskUsage=22472.41015625	AuSize=23532114055	AuLastCrawlResultMsg=Successful		AuName=Folger Images 2nd Batch: from\=36807
DiskUsage=0.0234375	AuSize=0	AuLastCrawl=-1		AuName=Folger Images 2nd Batch: from\=37001
DiskUsage=0.0234375	AuSize=0	AuLastCrawl=-1		AuName=Folger Images 2nd Batch: from\=37205
DiskUsage=0.0234375	AuSize=0	AuLastCrawl=-1		AuName=Folger Images 2nd Batch: from\=37406
DiskUsage=18699.6171875	AuSize=19500836713	AuLastCrawl=-1		AuName=Folger Images 2nd Batch: from\=37606
DiskUsage=0.0234375	AuSize=0	AuLastCrawl=-1		AuName=Folger Images 2nd Batch: from\=37806
AuLastCrawlAttempt=-1	AuLastCrawl=-1			AuName=Folger Images 2nd Batch: from\=38001
DiskUsage=27531.1875	AuSize=28828946575	AuLastCrawlResultMsg=Successful		AuName=Folger Images 2nd Batch: from\=38251
DiskUsage=8811.08984375	AuSize=9210557541	AuLastCrawl=-1		AuName=Folger Images 2nd Batch: from\=38501
DiskUsage=0.0234375	AuSize=0	AuLastCrawl=-1		AuName=Folger Images 2nd Batch: from\=38754
DiskUsage=21152.34375	AuSize=22146145210	AuLastCrawlResultMsg=Successful		AuName=Folger Images 2nd Batch: from\=39001
DiskUsage=21483.6328125	AuSize=22493247834	AuLastCrawlResultMsg=Successful		AuName=Folger Images 2nd Batch: from\=39264
DiskUsage=0.0234375	AuSize=0	AuLastCrawl=-1		AuName=Folger Images 2nd Batch: from\=39527
DiskUsage=20258.38671875	AuSize=21210311323	AuLastCrawlResultMsg=Successful		AuName=Folger Images 2nd Batch: from\=40001
DiskUsage=20293.5	AuSize=21247140241	AuLastCrawlResultMsg=Successful		AuName=Folger Images 2nd Batch: from\=40251
DiskUsage=20144.12109375	AuSize=21090561145	AuLastCrawlResultMsg=Successful		AuName=Folger Images 2nd Batch: from\=40503
DiskUsage=20497.37109375	AuSize=21460677457	AuLastCrawlResultMsg=Successful		AuName=Folger Images 2nd Batch: from\=40753
DiskUsage=0.0234375	AuSize=0	AuLastCrawl=-1		AuName=Folger Images 2nd Batch: from\=41001
DiskUsage=21176.45703125	AuSize=22174060160	AuLastCrawlResultMsg=Successful		AuName=Folger Images 2nd Batch: from\=42041
DiskUsage=25058.87890625	AuSize=26241042300	AuLastCrawlResultMsg=Successful		AuName=Folger Images 2nd Batch: from\=42227
AuLastCrawlAttempt=-1	AuLastCrawl=-1			AuName=Folger Images 2nd Batch: from\=42432
DiskUsage=0.0234375	AuSize=0	AuLastCrawl=-1		AuName=Folger Images 2nd Batch: from\=42605HC
DiskUsage=0.0234375	AuSize=0	AuLastCrawl=-1		AuName=Folger Images 2nd Batch: from\=42808
DiskUsage=24645.515625	AuSize=25807851908	AuLastCrawlResultMsg=Successful		AuName=Folger Images 2nd Batch: from\=43001
DiskUsage=23333.41015625	AuSize=24433420224	AuLastCrawlResultMsg=Successful		AuName=Folger Images 2nd Batch: from\=43377
DiskUsage=23578.79296875	AuSize=24690448332	AuLastCrawlResultMsg=Successful		AuName=Folger Images 2nd Batch: from\=43586
DiskUsage=21803.36328125	AuSize=22830743504	AuLastCrawlResultMsg=Successful		AuName=Folger Images 2nd Batch: from\=43795
DiskUsage=0.0234375	AuSize=0	AuLastCrawl=-1		AuName=Folger Images 2nd Batch: from\=44001
DiskUsage=18836.46875	AuSize=19723129303	AuLastCrawlResultMsg=Successful		AuName=Folger Images 2nd Batch: from\=44199
DiskUsage=21932.50390625	AuSize=22966345775	AuLastCrawlResultMsg=Successful		AuName=Folger Images 2nd Batch: from\=44397
DiskUsage=23082.296875	AuSize=24170804715	AuLastCrawlResultMsg=Successful		AuName=Folger Images 2nd Batch: from\=44595
DiskUsage=22318.6171875	AuSize=23370905239	AuLastCrawlResultMsg=Successful		AuName=Folger Images 2nd Batch: from\=44793
DiskUsage=19065.1015625	AuSize=19963649941	AuLastCrawlResultMsg=Successful		AuName=Folger Images 2nd Batch: from\=45001
DiskUsage=18018.12109375	AuSize=18866815125	AuLastCrawlResultMsg=Successful		AuName=Folger Images 2nd Batch: from\=45700
DiskUsage=17815.234375	AuSize=18654493802	AuLastCrawlResultMsg=Successful		AuName=Folger Images 2nd Batch: from\=46001
AuLastCrawlAttempt=-1	AuLastCrawl=-1			AuName=Folger Images 2nd Batch: from\=46301
DiskUsage=19671.84375	AuSize=20599532698	AuLastCrawlResultMsg=Successful		AuName=Folger Images 2nd Batch: from\=46471
DiskUsage=0.203125	AuSize=55157	AuLastCrawlResultMsg=Successful		AuName=Folger Images 2nd Batch: from\=metadata
